#0 building with "colima" instance using docker driver

#1 [internal] load build definition from Dockerfile
#1 transferring dockerfile: 1.23kB done
#1 DONE 0.0s

#2 [internal] load metadata for docker.io/oven/bun:1.3.14-alpine
#2 ...

#3 [internal] load metadata for ghcr.io/home-assistant/aarch64-base:3.22
#3 DONE 1.0s

#2 [internal] load metadata for docker.io/oven/bun:1.3.14-alpine
#2 DONE 1.5s

#4 [internal] load .dockerignore
#4 transferring context: 109B done
#4 DONE 0.0s

#5 [stage-1  1/13] FROM ghcr.io/home-assistant/aarch64-base:3.22@sha256:0f19d1a4b031b3d141945a906e7c0d09fc98c796c18e2ea9072bce8e0b67578a
#5 resolve ghcr.io/home-assistant/aarch64-base:3.22@sha256:0f19d1a4b031b3d141945a906e7c0d09fc98c796c18e2ea9072bce8e0b67578a done
#5 CACHED

#6 [bun 1/1] FROM docker.io/oven/bun:1.3.14-alpine@sha256:5acc90a93e91ff07bf72aa90a7c9f0fa189765aec90b47bdbf2152d2196383c0
#6 resolve docker.io/oven/bun:1.3.14-alpine@sha256:5acc90a93e91ff07bf72aa90a7c9f0fa189765aec90b47bdbf2152d2196383c0 done
#6 CACHED

#7 [internal] load build context
#7 transferring context: 267.33kB done
#7 DONE 0.0s

#8 [stage-1  2/13] RUN apk add --no-cache libstdc++ libgcc ca-certificates
#8 0.068 fetch https://dl-cdn.alpinelinux.org/alpine/v3.22/main/aarch64/APKINDEX.tar.gz
#8 0.384 fetch https://dl-cdn.alpinelinux.org/alpine/v3.22/community/aarch64/APKINDEX.tar.gz
#8 0.707 OK: 30 MiB in 50 packages
#8 DONE 0.7s

#9 [stage-1  3/13] COPY --from=bun /usr/local/bin/bun /usr/local/bin/bun
#9 DONE 0.1s

#10 [stage-1  4/13] RUN test "$(bun --version)" = "1.3.14"
#10 DONE 0.1s

#11 [stage-1  5/13] WORKDIR /app/dropbox
#11 DONE 0.0s

#12 [stage-1  6/13] COPY dropbox/package.json dropbox/bun.lock ./
#12 DONE 0.0s

#13 [stage-1  7/13] RUN bun install --frozen-lockfile --production
#13 0.078 bun install v1.3.14 (0d9b296a)
#13 136.1
#13 136.1 + hono@4.12.27
#13 136.1 + werift@0.23.0
#13 136.1
#13 136.1 58 packages installed [136.05s]
#13 DONE 136.2s

#14 [stage-1  8/13] COPY dropbox/*.ts ./
#14 DONE 0.1s

#15 [stage-1  9/13] COPY dropbox/web-dist/ ./web-dist/
#15 DONE 0.0s

#16 [stage-1 10/13] COPY options.ts health.ts /app/
#16 DONE 0.0s

#17 [stage-1 11/13] COPY run.sh /run.sh
#17 DONE 0.0s

#18 [stage-1 12/13] COPY rootfs/ /
#18 DONE 0.0s

#19 [stage-1 13/13] RUN mkdir -p /data /share  && chmod 0755 /run.sh /etc/cont-init.d/10-p2p-options /etc/services.d/*/run
#19 DONE 0.1s

#20 exporting to image
#20 exporting layers
#20 exporting layers 1.3s done
#20 exporting manifest sha256:df1ed0d0a31a5504527b2e7091ff323460cb5c2cda7494a90a6cfb7bea1f9f9c done
#20 exporting config sha256:c4a46e885508337001345ba69c18c345c9fb03a1a2577214191eb89b22e450ce done
#20 exporting attestation manifest sha256:6525a10b06bcd03662a5b23d3ba32dd66d96aa6dafae40e1bb7dfc5752402a0d done
#20 exporting manifest list sha256:376d02df1c40337977e7bfb3945aeb7a392d0fbad3afd574753db00100144607 done
#20 naming to docker.io/library/p2p-dropbox:arm64 done
#20 unpacking to docker.io/library/p2p-dropbox:arm64
#20 unpacking to docker.io/library/p2p-dropbox:arm64 1.1s done
#20 DONE 2.4s

View build details: docker-desktop://dashboard/build/colima/colima/km9nkkp4phrx7w1ckxyzbs3qz
