#0 building with "colima" instance using docker driver

#1 [internal] load build definition from Dockerfile
#1 transferring dockerfile: 1.23kB done
#1 DONE 0.0s

#2 [internal] load metadata for docker.io/oven/bun:1.3.14-alpine
#2 DONE 0.9s

#3 [internal] load metadata for ghcr.io/home-assistant/amd64-base:3.22
#3 DONE 1.1s

#4 [internal] load .dockerignore
#4 transferring context: 109B done
#4 DONE 0.0s

#5 [stage-1  1/13] FROM ghcr.io/home-assistant/amd64-base:3.22@sha256:536c6164d3ef70a275573334e3c52b77e4cb90a90776e0ca609089deb5357b25
#5 resolve ghcr.io/home-assistant/amd64-base:3.22@sha256:536c6164d3ef70a275573334e3c52b77e4cb90a90776e0ca609089deb5357b25 done
#5 CACHED

#6 [bun 1/1] FROM docker.io/oven/bun:1.3.14-alpine@sha256:5acc90a93e91ff07bf72aa90a7c9f0fa189765aec90b47bdbf2152d2196383c0
#6 resolve docker.io/oven/bun:1.3.14-alpine@sha256:5acc90a93e91ff07bf72aa90a7c9f0fa189765aec90b47bdbf2152d2196383c0 done
#6 CACHED

#7 [internal] load build context
#7 transferring context: 239.52kB done
#7 DONE 0.0s

#8 [stage-1  2/13] RUN apk add --no-cache libstdc++ libgcc ca-certificates
#8 0.104 fetch https://dl-cdn.alpinelinux.org/alpine/v3.22/main/x86_64/APKINDEX.tar.gz
#8 0.533 fetch https://dl-cdn.alpinelinux.org/alpine/v3.22/community/x86_64/APKINDEX.tar.gz
#8 1.152 OK: 26 MiB in 50 packages
#8 DONE 1.2s

#9 [stage-1  3/13] COPY --from=bun /usr/local/bin/bun /usr/local/bin/bun
#9 DONE 0.1s

#10 [stage-1  4/13] RUN test "$(bun --version)" = "1.3.14"
#10 DONE 0.1s

#11 [stage-1  5/13] WORKDIR /app/dropbox
#11 DONE 0.0s

#12 [stage-1  6/13] COPY dropbox/package.json dropbox/bun.lock ./
#12 DONE 0.0s

#13 [stage-1  7/13] RUN bun install --frozen-lockfile --production
#13 0.113 bun install v1.3.14 (0d9b296a)
#13 136.0
#13 136.0 + hono@4.12.27
#13 136.0 + werift@0.23.0
#13 136.0
#13 136.0 58 packages installed [135.93s]
#13 DONE 136.0s

#14 [stage-1  8/13] COPY dropbox/*.ts ./
#14 DONE 0.1s

#15 [stage-1  9/13] COPY dropbox/web-dist/ ./web-dist/
#15 DONE 0.0s

#16 [stage-1 10/13] COPY options.ts health.ts /app/
#16 DONE 0.0s

#17 [stage-1 11/13] COPY run.sh /run.sh
#17 DONE 0.0s

#18 [stage-1 12/13] COPY rootfs/ /
#18 DONE 0.0s

#19 [stage-1 13/13] RUN mkdir -p /data /share  && chmod 0755 /run.sh /etc/cont-init.d/10-p2p-options /etc/services.d/*/run
#19 DONE 0.1s

#20 exporting to image
#20 exporting layers
#20 exporting layers 1.5s done
#20 exporting manifest sha256:c3a3c9dbbadf77a597cfe439f515312888b3da7a38c2f0c938f91773d4b63403 done
#20 exporting config sha256:8a1ea30831ca3cfa972f0cb9c00144abbb9f54b0b4b2fb5e4f0d0eb8a2c56508 done
#20 exporting attestation manifest sha256:114944b421faa5eda9c1a1962272ccac8bfe7485727bf96429c6e60ac8d13e17 done
#20 exporting manifest list sha256:11130a9eebe09f67dd018b9893adb02571b1efa3c04db18e8fb05e7fc2d564bb done
#20 naming to docker.io/library/p2p-dropbox:amd64 done
#20 DONE 1.5s

View build details: docker-desktop://dashboard/build/colima/colima/2x0hpzokmtw66au6qwz0227uo
