#0 building with "colima" instance using docker driver

#1 [internal] load build definition from Dockerfile
#1 transferring dockerfile: 1.23kB done
#1 DONE 0.0s

#2 [internal] load metadata for docker.io/oven/bun:1.3.14-alpine
#2 DONE 0.3s

#3 [internal] load metadata for ghcr.io/home-assistant/amd64-base:3.22
#3 DONE 1.0s

#4 [internal] load .dockerignore
#4 transferring context: 109B done
#4 DONE 0.0s

#5 [bun 1/1] FROM docker.io/oven/bun:1.3.14-alpine@sha256:5acc90a93e91ff07bf72aa90a7c9f0fa189765aec90b47bdbf2152d2196383c0
#5 resolve docker.io/oven/bun:1.3.14-alpine@sha256:5acc90a93e91ff07bf72aa90a7c9f0fa189765aec90b47bdbf2152d2196383c0 done
#5 DONE 0.0s

#6 [stage-1  1/13] FROM ghcr.io/home-assistant/amd64-base:3.22@sha256:536c6164d3ef70a275573334e3c52b77e4cb90a90776e0ca609089deb5357b25
#6 resolve ghcr.io/home-assistant/amd64-base:3.22@sha256:536c6164d3ef70a275573334e3c52b77e4cb90a90776e0ca609089deb5357b25 done
#6 DONE 0.0s

#7 [internal] load build context
#7 transferring context: 1.29kB done
#7 DONE 0.0s

#8 [stage-1  5/13] WORKDIR /app/dropbox
#8 CACHED

#9 [stage-1  9/13] COPY dropbox/web-dist/ ./web-dist/
#9 CACHED

#10 [stage-1 10/13] COPY options.ts health.ts /app/
#10 CACHED

#11 [stage-1  2/13] RUN apk add --no-cache libstdc++ libgcc ca-certificates
#11 CACHED

#12 [stage-1  4/13] RUN test "$(bun --version)" = "1.3.14"
#12 CACHED

#13 [stage-1 11/13] COPY run.sh /run.sh
#13 CACHED

#14 [stage-1  8/13] COPY dropbox/*.ts ./
#14 CACHED

#15 [stage-1  6/13] COPY dropbox/package.json dropbox/bun.lock ./
#15 CACHED

#16 [stage-1  7/13] RUN bun install --frozen-lockfile --production
#16 CACHED

#17 [stage-1 12/13] COPY rootfs/ /
#17 CACHED

#18 [stage-1  3/13] COPY --from=bun /usr/local/bin/bun /usr/local/bin/bun
#18 CACHED

#19 [stage-1 13/13] RUN mkdir -p /data /share  && chmod 0755 /run.sh /etc/cont-init.d/10-p2p-options /etc/services.d/*/run
#19 CACHED

#20 exporting to image
#20 exporting layers done
#20 exporting manifest sha256:0a4fd55e80aa7ecd2aa49705ae54dbac086854a7165b26570b929fa00c4acbf9 done
#20 exporting config sha256:888a6b9390d7793e8ee9e7823f111bf01452f590795d6d9d09dbcc09af7a2dfb done
#20 exporting attestation manifest sha256:69f840c196af0faeeee0265651b6164ad21c736497ae98d24a43612847c5429b done
#20 exporting manifest list sha256:37eefc4c9a98787d1ca29ebf588fdf8979be9938a799d12beca600ecbf378662 done
#20 naming to docker.io/library/p2p-dropbox:amd64 done
#20 DONE 0.0s

View build details: docker-desktop://dashboard/build/colima/colima/dqvim8bh7be878oe5q33id3lg
